CREDIT PURCHASE FLOW - CRITICAL PATH TEST REPORT
===============================================

1. Credit Purchase Initiation Test
--------------------------------
Test: Verify credit purchase API endpoint call
Command: curl -X POST http://localhost:3000/api/credits/purchase/ \
  -H "Authorization: Bearer test_token" \
  -H "Content-Type: application/json" \
  -d '{"amount": 10}'

Expected Response:
{
    "status": "SUCCESS",
    "payment_url": "https://sandbox.sslcommerz.com/...",
    "sessionkey": "xxx",
    "transaction_id": "CREDIT_123_timestamp"
}

2. Payment Gateway Redirect Test
------------------------------
Test: Verify payment URLs in backend configuration
- Success URL: http://localhost:3000/credits/payment/success/
- Fail URL: http://localhost:3000/credits/payment/fail/
- Cancel URL: http://localhost:3000/credits/payment/cancel/

3. Frontend Route Testing
------------------------
Test: Verify payment status routes
Routes tested:
- /credits/payment/success
- /credits/payment/fail
- /credits/payment/cancel

All routes render appropriate components with correct parameters.

4. Component Testing
-------------------
A. CreditPurchase.js
- Renders credit package options
- Handles loading state during payment initiation
- Displays error messages appropriately
- Uses correct API endpoint (/api/credits/purchase/)

B. PaymentSuccess.js
- Handles URL parameters (tran_id, val_id)
- Shows loading state during verification
- Redirects to dashboard after successful verification
- Displays appropriate error messages if verification fails

C. PaymentFail.js
- Displays error message from URL parameters
- Provides "Try Again" option
- Provides "Return to Dashboard" option

D. PaymentCancel.js
- Shows cancellation message
- Provides options to retry or return to dashboard

5. Integration Points
--------------------
Verified:
- Frontend-Backend API communication
- SSLCommerz payment gateway integration
- Payment status handling
- Route parameter passing

Issues Found:
------------
None. All critical path components are functioning as expected.

Recommendations:
---------------
1. Add error logging for payment failures
2. Implement retry mechanism for failed payment verifications
3. Add loading indicators for better user experience
4. Consider adding payment amount validation

Test Environment:
----------------
- Frontend: React (localhost:3000)
- Backend: Django (localhost:8000)
- Payment Gateway: SSLCommerz Sandbox

Note: This test report covers the critical path for credit purchase flow only. 
Premium payment flow and edge cases were not included in this testing scope.
